Archive member included to satisfy reference by file (symbol)

/usr/lib/x86_64-linux-gnu/libc_nonshared.a(elf-init.oS)
                              /usr/lib/gcc/x86_64-linux-gnu/9/../../../x86_64-linux-gnu/Scrt1.o (__libc_csu_init)

Merging program properties


As-needed library included to satisfy reference by file (symbol)

libc.so.6                     /usr/lib/gcc/x86_64-linux-gnu/9/../../../x86_64-linux-gnu/Scrt1.o (__libc_start_main@@GLIBC_2.2.5)

Allocating common symbols
Common symbol       size              file

readbuffer          0x10000           main.o (symbol from plugin)
dumbcraft_playercount
                    0x1               ../dumbcraft/dumbcraft.o (symbol from plugin)
Players             0xa2              ../dumbcraft/dumbcraft.o (symbol from plugin)
playerid            0x1               ../dumbcraft/dumbcraft.o (symbol from plugin)

Discarded input sections

 .note.GNU-stack
                0x0000000000000000        0x0 /usr/lib/gcc/x86_64-linux-gnu/9/../../../x86_64-linux-gnu/Scrt1.o
 .note.gnu.property
                0x0000000000000000       0x20 /usr/lib/gcc/x86_64-linux-gnu/9/../../../x86_64-linux-gnu/crti.o
 .note.GNU-stack
                0x0000000000000000        0x0 /usr/lib/gcc/x86_64-linux-gnu/9/../../../x86_64-linux-gnu/crti.o
 .note.GNU-stack
                0x0000000000000000        0x0 /usr/lib/gcc/x86_64-linux-gnu/9/crtbeginS.o
 .note.gnu.property
                0x0000000000000000       0x20 /usr/lib/gcc/x86_64-linux-gnu/9/crtbeginS.o
 .debug_info    0x0000000000000000     0x3e22 /tmp/dumbcraft.CRrq7O.ltrans0.ltrans.o
 .debug_abbrev  0x0000000000000000      0x2a5 /tmp/dumbcraft.CRrq7O.ltrans0.ltrans.o
 .debug_loc     0x0000000000000000     0x3016 /tmp/dumbcraft.CRrq7O.ltrans0.ltrans.o
 .debug_aranges
                0x0000000000000000       0x40 /tmp/dumbcraft.CRrq7O.ltrans0.ltrans.o
 .debug_ranges  0x0000000000000000     0x10d0 /tmp/dumbcraft.CRrq7O.ltrans0.ltrans.o
 .debug_line    0x0000000000000000     0x1e43 /tmp/dumbcraft.CRrq7O.ltrans0.ltrans.o
 .debug_str     0x0000000000000000      0x19f /tmp/dumbcraft.CRrq7O.ltrans0.ltrans.o
 .note.GNU-stack
                0x0000000000000000        0x0 /tmp/dumbcraft.CRrq7O.ltrans0.ltrans.o
 .note.gnu.property
                0x0000000000000000       0x20 /tmp/dumbcraft.CRrq7O.ltrans0.ltrans.o
 .debug_info    0x0000000000000000      0xd59 /tmp/ccapTIrQ.debug.temp.o
 .debug_abbrev  0x0000000000000000      0x279 /tmp/ccapTIrQ.debug.temp.o
 .debug_line    0x0000000000000000      0x21a /tmp/ccapTIrQ.debug.temp.o
 .debug_str     0x0000000000000000      0xa65 /tmp/ccapTIrQ.debug.temp.o
 .note.GNU-stack
                0x0000000000000000        0x0 /tmp/ccapTIrQ.debug.temp.o
 .note.gnu.property
                0x0000000000000000       0x20 /tmp/ccapTIrQ.debug.temp.o
 .debug_info    0x0000000000000000      0xdd3 /tmp/ccZCMbuO.debug.temp.o
 .debug_abbrev  0x0000000000000000      0x284 /tmp/ccZCMbuO.debug.temp.o
 .debug_line    0x0000000000000000      0x106 /tmp/ccZCMbuO.debug.temp.o
 .debug_str     0x0000000000000000      0x6a5 /tmp/ccZCMbuO.debug.temp.o
 .note.GNU-stack
                0x0000000000000000        0x0 /tmp/ccZCMbuO.debug.temp.o
 .note.gnu.property
                0x0000000000000000       0x20 /tmp/ccZCMbuO.debug.temp.o
 .debug_info    0x0000000000000000      0x1a9 /tmp/cc06hGLP.debug.temp.o
 .debug_abbrev  0x0000000000000000       0xb3 /tmp/cc06hGLP.debug.temp.o
 .debug_line    0x0000000000000000       0x72 /tmp/cc06hGLP.debug.temp.o
 .debug_str     0x0000000000000000      0x1fa /tmp/cc06hGLP.debug.temp.o
 .note.GNU-stack
                0x0000000000000000        0x0 /tmp/cc06hGLP.debug.temp.o
 .note.gnu.property
                0x0000000000000000       0x20 /tmp/cc06hGLP.debug.temp.o
 .debug_info    0x0000000000000000      0x4fb /tmp/ccQXkkCM.debug.temp.o
 .debug_abbrev  0x0000000000000000      0x138 /tmp/ccQXkkCM.debug.temp.o
 .debug_line    0x0000000000000000       0x99 /tmp/ccQXkkCM.debug.temp.o
 .debug_str     0x0000000000000000      0x4c4 /tmp/ccQXkkCM.debug.temp.o
 .note.GNU-stack
                0x0000000000000000        0x0 /tmp/ccQXkkCM.debug.temp.o
 .note.gnu.property
                0x0000000000000000       0x20 /tmp/ccQXkkCM.debug.temp.o
 .debug_info    0x0000000000000000      0x5a0 /tmp/ccm3J2YM.debug.temp.o
 .debug_abbrev  0x0000000000000000      0x114 /tmp/ccm3J2YM.debug.temp.o
 .debug_line    0x0000000000000000       0x9a /tmp/ccm3J2YM.debug.temp.o
 .debug_str     0x0000000000000000      0x46c /tmp/ccm3J2YM.debug.temp.o
 .note.GNU-stack
                0x0000000000000000        0x0 /tmp/ccm3J2YM.debug.temp.o
 .note.gnu.property
                0x0000000000000000       0x20 /tmp/ccm3J2YM.debug.temp.o
 .note.GNU-stack
                0x0000000000000000        0x0 /usr/lib/x86_64-linux-gnu/libc_nonshared.a(elf-init.oS)
 .note.gnu.property
                0x0000000000000000       0x20 /usr/lib/x86_64-linux-gnu/libc_nonshared.a(elf-init.oS)
 .note.GNU-stack
                0x0000000000000000        0x0 /usr/lib/gcc/x86_64-linux-gnu/9/crtendS.o
 .note.gnu.property
                0x0000000000000000       0x20 /usr/lib/gcc/x86_64-linux-gnu/9/crtendS.o
 .note.gnu.property
                0x0000000000000000       0x20 /usr/lib/gcc/x86_64-linux-gnu/9/../../../x86_64-linux-gnu/crtn.o
 .note.GNU-stack
                0x0000000000000000        0x0 /usr/lib/gcc/x86_64-linux-gnu/9/../../../x86_64-linux-gnu/crtn.o

Memory Configuration

Name             Origin             Length             Attributes
*default*        0x0000000000000000 0xffffffffffffffff

Linker script and memory map

LOAD /usr/lib/gcc/x86_64-linux-gnu/9/../../../x86_64-linux-gnu/Scrt1.o
LOAD /usr/lib/gcc/x86_64-linux-gnu/9/../../../x86_64-linux-gnu/crti.o
LOAD /usr/lib/gcc/x86_64-linux-gnu/9/crtbeginS.o
LOAD main.o
LOAD /tmp/dumbcraft.CRrq7O.ltrans0.ltrans.o
LOAD /tmp/ccapTIrQ.debug.temp.o
LOAD /tmp/ccZCMbuO.debug.temp.o
LOAD /tmp/cc06hGLP.debug.temp.o
LOAD /tmp/ccQXkkCM.debug.temp.o
LOAD /tmp/ccm3J2YM.debug.temp.o
LOAD ../dumbcraft/dumbcraft.o
LOAD ../libs/util10.o
LOAD dumbgame.o
LOAD ../dumbcraft/dumbutils.o
LOAD /usr/lib/gcc/x86_64-linux-gnu/9/libgcc.a
LOAD /usr/lib/gcc/x86_64-linux-gnu/9/libgcc_s.so
START GROUP
LOAD /lib/x86_64-linux-gnu/libgcc_s.so.1
LOAD /usr/lib/gcc/x86_64-linux-gnu/9/libgcc.a
END GROUP
LOAD /usr/lib/gcc/x86_64-linux-gnu/9/../../../x86_64-linux-gnu/libc.so
START GROUP
LOAD /lib/x86_64-linux-gnu/libc.so.6
LOAD /usr/lib/x86_64-linux-gnu/libc_nonshared.a
LOAD /lib/x86_64-linux-gnu/ld-linux-x86-64.so.2
END GROUP
LOAD /usr/lib/gcc/x86_64-linux-gnu/9/libgcc.a
LOAD /usr/lib/gcc/x86_64-linux-gnu/9/libgcc_s.so
START GROUP
LOAD /lib/x86_64-linux-gnu/libgcc_s.so.1
LOAD /usr/lib/gcc/x86_64-linux-gnu/9/libgcc.a
END GROUP
LOAD /usr/lib/gcc/x86_64-linux-gnu/9/crtendS.o
LOAD /usr/lib/gcc/x86_64-linux-gnu/9/../../../x86_64-linux-gnu/crtn.o
                [!provide]                        PROVIDE (__executable_start = SEGMENT_START ("text-segment", 0x0))
                0x0000000000000318                . = (SEGMENT_START ("text-segment", 0x0) + SIZEOF_HEADERS)

.interp         0x0000000000000318       0x1c
 *(.interp)
 .interp        0x0000000000000318       0x1c /usr/lib/gcc/x86_64-linux-gnu/9/../../../x86_64-linux-gnu/Scrt1.o

.note.gnu.property
                0x0000000000000338       0x20
 .note.gnu.property
                0x0000000000000338       0x20 /usr/lib/gcc/x86_64-linux-gnu/9/../../../x86_64-linux-gnu/Scrt1.o

.note.gnu.build-id
                0x0000000000000358       0x24
 *(.note.gnu.build-id)
 .note.gnu.build-id
                0x0000000000000358       0x24 /usr/lib/gcc/x86_64-linux-gnu/9/../../../x86_64-linux-gnu/Scrt1.o

.note.ABI-tag   0x000000000000037c       0x20
 .note.ABI-tag  0x000000000000037c       0x20 /usr/lib/gcc/x86_64-linux-gnu/9/../../../x86_64-linux-gnu/Scrt1.o

.hash
 *(.hash)

.gnu.hash       0x00000000000003a0       0x24
 *(.gnu.hash)
 .gnu.hash      0x00000000000003a0       0x24 /usr/lib/gcc/x86_64-linux-gnu/9/../../../x86_64-linux-gnu/Scrt1.o

.dynsym         0x00000000000003c8      0x240
 *(.dynsym)
 .dynsym        0x00000000000003c8      0x240 /usr/lib/gcc/x86_64-linux-gnu/9/../../../x86_64-linux-gnu/Scrt1.o

.dynstr         0x0000000000000608      0x131
 *(.dynstr)
 .dynstr        0x0000000000000608      0x131 /usr/lib/gcc/x86_64-linux-gnu/9/../../../x86_64-linux-gnu/Scrt1.o

.gnu.version    0x000000000000073a       0x30
 *(.gnu.version)
 .gnu.version   0x000000000000073a       0x30 /usr/lib/gcc/x86_64-linux-gnu/9/../../../x86_64-linux-gnu/Scrt1.o

.gnu.version_d  0x0000000000000770        0x0
 *(.gnu.version_d)
 .gnu.version_d
                0x0000000000000770        0x0 /usr/lib/gcc/x86_64-linux-gnu/9/../../../x86_64-linux-gnu/Scrt1.o

.gnu.version_r  0x0000000000000770       0x50
 *(.gnu.version_r)
 .gnu.version_r
                0x0000000000000770       0x50 /usr/lib/gcc/x86_64-linux-gnu/9/../../../x86_64-linux-gnu/Scrt1.o

.rela.dyn       0x00000000000007c0       0xc0
 *(.rela.init)
 *(.rela.text .rela.text.* .rela.gnu.linkonce.t.*)
 .rela.text     0x00000000000007c0        0x0 /usr/lib/gcc/x86_64-linux-gnu/9/../../../x86_64-linux-gnu/Scrt1.o
 *(.rela.fini)
 *(.rela.rodata .rela.rodata.* .rela.gnu.linkonce.r.*)
 *(.rela.data .rela.data.* .rela.gnu.linkonce.d.*)
 .rela.data.rel.ro
                0x00000000000007c0        0x0 /usr/lib/gcc/x86_64-linux-gnu/9/../../../x86_64-linux-gnu/Scrt1.o
 .rela.data.rel.local
                0x00000000000007c0       0x18 /usr/lib/gcc/x86_64-linux-gnu/9/../../../x86_64-linux-gnu/Scrt1.o
 *(.rela.tdata .rela.tdata.* .rela.gnu.linkonce.td.*)
 *(.rela.tbss .rela.tbss.* .rela.gnu.linkonce.tb.*)
 *(.rela.ctors)
 *(.rela.dtors)
 *(.rela.got)
 .rela.got      0x00000000000007d8       0x78 /usr/lib/gcc/x86_64-linux-gnu/9/../../../x86_64-linux-gnu/Scrt1.o
 *(.rela.bss .rela.bss.* .rela.gnu.linkonce.b.*)
 .rela.bss      0x0000000000000850        0x0 /usr/lib/gcc/x86_64-linux-gnu/9/../../../x86_64-linux-gnu/Scrt1.o
 *(.rela.ldata .rela.ldata.* .rela.gnu.linkonce.l.*)
 *(.rela.lbss .rela.lbss.* .rela.gnu.linkonce.lb.*)
 *(.rela.lrodata .rela.lrodata.* .rela.gnu.linkonce.lr.*)
 *(.rela.ifunc)
 .rela.ifunc    0x0000000000000850        0x0 /usr/lib/gcc/x86_64-linux-gnu/9/../../../x86_64-linux-gnu/Scrt1.o
 .rela.fini_array
                0x0000000000000850       0x18 /usr/lib/gcc/x86_64-linux-gnu/9/../../../x86_64-linux-gnu/Scrt1.o
 .rela.init_array
                0x0000000000000868       0x18 /usr/lib/gcc/x86_64-linux-gnu/9/../../../x86_64-linux-gnu/Scrt1.o

.rela.plt       0x0000000000000880      0x1b0
 *(.rela.plt)
 .rela.plt      0x0000000000000880      0x1b0 /usr/lib/gcc/x86_64-linux-gnu/9/../../../x86_64-linux-gnu/Scrt1.o
 *(.rela.iplt)
                0x0000000000001000                . = ALIGN (CONSTANT (MAXPAGESIZE))

.init           0x0000000000001000       0x1b
 *(SORT_NONE(.init))
 .init          0x0000000000001000       0x16 /usr/lib/gcc/x86_64-linux-gnu/9/../../../x86_64-linux-gnu/crti.o
                0x0000000000001000                _init
 .init          0x0000000000001016        0x5 /usr/lib/gcc/x86_64-linux-gnu/9/../../../x86_64-linux-gnu/crtn.o

.plt            0x0000000000001020      0x130
 *(.plt)
 .plt           0x0000000000001020      0x130 /usr/lib/gcc/x86_64-linux-gnu/9/../../../x86_64-linux-gnu/Scrt1.o
 *(.iplt)

.plt.got        0x0000000000001150       0x10
 *(.plt.got)
 .plt.got       0x0000000000001150       0x10 /usr/lib/gcc/x86_64-linux-gnu/9/../../../x86_64-linux-gnu/Scrt1.o
                0x0000000000001150                __cxa_finalize@@GLIBC_2.2.5

.plt.sec        0x0000000000001160      0x120
 *(.plt.sec)
 .plt.sec       0x0000000000001160      0x120 /usr/lib/gcc/x86_64-linux-gnu/9/../../../x86_64-linux-gnu/Scrt1.o
                0x0000000000001160                recv@@GLIBC_2.2.5
                0x0000000000001170                strncmp@@GLIBC_2.2.5
                0x0000000000001180                puts@@GLIBC_2.2.5
                0x0000000000001190                setsockopt@@GLIBC_2.2.5
                0x00000000000011a0                __stack_chk_fail@@GLIBC_2.4
                0x00000000000011b0                send@@GLIBC_2.2.5
                0x00000000000011c0                uart_printf@@GLIBC_2.2.5
                0x00000000000011d0                __fdelt_chk@@GLIBC_2.15
                0x00000000000011e0                gettimeofday@@GLIBC_2.2.5
                0x00000000000011f0                close@@GLIBC_2.2.5
                0x0000000000001200                select@@GLIBC_2.2.5
                0x0000000000001210                listen@@GLIBC_2.2.5
                0x0000000000001220                __printf_chk@@GLIBC_2.3.4
                0x0000000000001230                bind@@GLIBC_2.2.5
                0x0000000000001240                accept@@GLIBC_2.2.5
                0x0000000000001250                rand@@GLIBC_2.2.5
                0x0000000000001260                usleep@@GLIBC_2.2.5
                0x0000000000001270                socket@@GLIBC_2.2.5

.text           0x0000000000001280     0x2695
 *(.text.unlikely .text.*_unlikely .text.unlikely.*)
 *(.text.exit .text.exit.*)
 *(.text.startup .text.startup.*)
 .text.startup  0x0000000000001280     0x14d8 /tmp/dumbcraft.CRrq7O.ltrans0.ltrans.o
                0x0000000000001280                main
 *(.text.hot .text.hot.*)
 *(SORT_BY_NAME(.text.sorted.*))
 *(.text .stub .text.* .gnu.linkonce.t.*)
 *fill*         0x0000000000002758        0x8 
 .text          0x0000000000002760       0x2f /usr/lib/gcc/x86_64-linux-gnu/9/../../../x86_64-linux-gnu/Scrt1.o
                0x0000000000002760                _start
 .text          0x000000000000278f        0x0 /usr/lib/gcc/x86_64-linux-gnu/9/../../../x86_64-linux-gnu/crti.o
 *fill*         0x000000000000278f        0x1 
 .text          0x0000000000002790       0xb9 /usr/lib/gcc/x86_64-linux-gnu/9/crtbeginS.o
 .text          0x0000000000002849     0x1055 /tmp/dumbcraft.CRrq7O.ltrans0.ltrans.o
 *fill*         0x000000000000389e        0x2 
 .text          0x00000000000038a0       0x75 /usr/lib/x86_64-linux-gnu/libc_nonshared.a(elf-init.oS)
                0x00000000000038a0                __libc_csu_init
                0x0000000000003910                __libc_csu_fini
 .text          0x0000000000003915        0x0 /usr/lib/gcc/x86_64-linux-gnu/9/crtendS.o
 .text          0x0000000000003915        0x0 /usr/lib/gcc/x86_64-linux-gnu/9/../../../x86_64-linux-gnu/crtn.o
 *(.gnu.warning)

.fini           0x0000000000003918        0xd
 *(SORT_NONE(.fini))
 .fini          0x0000000000003918        0x8 /usr/lib/gcc/x86_64-linux-gnu/9/../../../x86_64-linux-gnu/crti.o
                0x0000000000003918                _fini
 .fini          0x0000000000003920        0x5 /usr/lib/gcc/x86_64-linux-gnu/9/../../../x86_64-linux-gnu/crtn.o
                [!provide]                        PROVIDE (__etext = .)
                [!provide]                        PROVIDE (_etext = .)
                [!provide]                        PROVIDE (etext = .)
                0x0000000000004000                . = ALIGN (CONSTANT (MAXPAGESIZE))
                0x0000000000004000                . = SEGMENT_START ("rodata-segment", (ALIGN (CONSTANT (MAXPAGESIZE)) + (. & (CONSTANT (MAXPAGESIZE) - 0x1))))

.rodata         0x0000000000004000      0x311
 *(.rodata .rodata.* .gnu.linkonce.r.*)
 .rodata.cst4   0x0000000000004000        0x4 /usr/lib/gcc/x86_64-linux-gnu/9/../../../x86_64-linux-gnu/Scrt1.o
                0x0000000000004000                _IO_stdin_used
 .rodata.str1.1
                0x0000000000004004      0x213 /tmp/dumbcraft.CRrq7O.ltrans0.ltrans.o
 *fill*         0x0000000000004217        0x9 
 .rodata        0x0000000000004220       0xf1 /tmp/dumbcraft.CRrq7O.ltrans0.ltrans.o

.rodata1
 *(.rodata1)

.eh_frame_hdr   0x0000000000004314      0x12c
 *(.eh_frame_hdr)
 .eh_frame_hdr  0x0000000000004314      0x12c /usr/lib/gcc/x86_64-linux-gnu/9/../../../x86_64-linux-gnu/Scrt1.o
                0x0000000000004314                __GNU_EH_FRAME_HDR
 *(.eh_frame_entry .eh_frame_entry.*)

.eh_frame       0x0000000000004440      0x3b8
 *(.eh_frame)
 .eh_frame      0x0000000000004440       0x30 /usr/lib/gcc/x86_64-linux-gnu/9/../../../x86_64-linux-gnu/Scrt1.o
                                         0x2c (size before relaxing)
 *fill*         0x0000000000004470        0x0 
 .eh_frame      0x0000000000004470       0x28 /usr/lib/gcc/x86_64-linux-gnu/9/../../../x86_64-linux-gnu/Scrt1.o
                                         0x40 (size before relaxing)
 .eh_frame      0x0000000000004498       0x18 /usr/lib/gcc/x86_64-linux-gnu/9/../../../x86_64-linux-gnu/Scrt1.o
                                         0x30 (size before relaxing)
 .eh_frame      0x00000000000044b0       0x18 /usr/lib/gcc/x86_64-linux-gnu/9/../../../x86_64-linux-gnu/Scrt1.o
                                         0x30 (size before relaxing)
 .eh_frame      0x00000000000044c8      0x2d0 /tmp/dumbcraft.CRrq7O.ltrans0.ltrans.o
                                        0x2e8 (size before relaxing)
 .eh_frame      0x0000000000004798       0x5c /usr/lib/x86_64-linux-gnu/libc_nonshared.a(elf-init.oS)
                                         0x78 (size before relaxing)
 .eh_frame      0x00000000000047f4        0x4 /usr/lib/gcc/x86_64-linux-gnu/9/crtendS.o
 *(.eh_frame.*)

.gcc_except_table
 *(.gcc_except_table .gcc_except_table.*)

.gnu_extab
 *(.gnu_extab*)

.exception_ranges
 *(.exception_ranges*)
                0x0000000000005d30                . = DATA_SEGMENT_ALIGN (CONSTANT (MAXPAGESIZE), CONSTANT (COMMONPAGESIZE))

.eh_frame
 *(.eh_frame)
 *(.eh_frame.*)

.gnu_extab
 *(.gnu_extab)

.gcc_except_table
 *(.gcc_except_table .gcc_except_table.*)

.exception_ranges
 *(.exception_ranges*)

.tdata          0x0000000000005d30        0x0
                [!provide]                        PROVIDE (__tdata_start = .)
 *(.tdata .tdata.* .gnu.linkonce.td.*)

.tbss
 *(.tbss .tbss.* .gnu.linkonce.tb.*)
 *(.tcommon)

.preinit_array  0x0000000000005d30        0x0
                [!provide]                        PROVIDE (__preinit_array_start = .)
 *(.preinit_array)
                [!provide]                        PROVIDE (__preinit_array_end = .)

.init_array     0x0000000000005d30        0x8
                0x0000000000005d30                PROVIDE (__init_array_start = .)
 *(SORT_BY_INIT_PRIORITY(.init_array.*) SORT_BY_INIT_PRIORITY(.ctors.*))
 *(.init_array EXCLUDE_FILE(*crtend?.o *crtend.o *crtbegin?.o *crtbegin.o) .ctors)
 .init_array    0x0000000000005d30        0x8 /usr/lib/gcc/x86_64-linux-gnu/9/crtbeginS.o
                0x0000000000005d38                PROVIDE (__init_array_end = .)

.fini_array     0x0000000000005d38        0x8
                [!provide]                        PROVIDE (__fini_array_start = .)
 *(SORT_BY_INIT_PRIORITY(.fini_array.*) SORT_BY_INIT_PRIORITY(.dtors.*))
 *(.fini_array EXCLUDE_FILE(*crtend?.o *crtend.o *crtbegin?.o *crtbegin.o) .dtors)
 .fini_array    0x0000000000005d38        0x8 /usr/lib/gcc/x86_64-linux-gnu/9/crtbeginS.o
                [!provide]                        PROVIDE (__fini_array_end = .)

.ctors
 *crtbegin.o(.ctors)
 *crtbegin?.o(.ctors)
 *(EXCLUDE_FILE(*crtend?.o *crtend.o) .ctors)
 *(SORT_BY_NAME(.ctors.*))
 *(.ctors)

.dtors
 *crtbegin.o(.dtors)
 *crtbegin?.o(.dtors)
 *(EXCLUDE_FILE(*crtend?.o *crtend.o) .dtors)
 *(SORT_BY_NAME(.dtors.*))
 *(.dtors)

.jcr
 *(.jcr)

.data.rel.ro    0x0000000000005d40        0x0
 *(.data.rel.ro.local* .gnu.linkonce.d.rel.ro.local.*)
 *(.data.rel.ro .data.rel.ro.* .gnu.linkonce.d.rel.ro.*)
 .data.rel.ro   0x0000000000005d40        0x0 /usr/lib/gcc/x86_64-linux-gnu/9/../../../x86_64-linux-gnu/Scrt1.o

.dynamic        0x0000000000005d40      0x1f0
 *(.dynamic)
 .dynamic       0x0000000000005d40      0x1f0 /usr/lib/gcc/x86_64-linux-gnu/9/../../../x86_64-linux-gnu/Scrt1.o
                0x0000000000005d40                _DYNAMIC

.got            0x0000000000005f30       0xd0
 *(.got.plt)
 .got.plt       0x0000000000005f30       0xa8 /usr/lib/gcc/x86_64-linux-gnu/9/../../../x86_64-linux-gnu/Scrt1.o
                0x0000000000005f30                _GLOBAL_OFFSET_TABLE_
 *(.igot.plt)
 *(.got)
 .got           0x0000000000005fd8       0x28 /usr/lib/gcc/x86_64-linux-gnu/9/../../../x86_64-linux-gnu/Scrt1.o
 *(.igot)
                0x0000000000006000                . = DATA_SEGMENT_RELRO_END (., 0x0)

.data           0x0000000000006000       0x58
 *(.data .data.* .gnu.linkonce.d.*)
 .data          0x0000000000006000        0x4 /usr/lib/gcc/x86_64-linux-gnu/9/../../../x86_64-linux-gnu/Scrt1.o
                0x0000000000006000                data_start
                0x0000000000006000                __data_start
 .data          0x0000000000006004        0x0 /usr/lib/gcc/x86_64-linux-gnu/9/../../../x86_64-linux-gnu/crti.o
 .data          0x0000000000006004        0x0 /usr/lib/gcc/x86_64-linux-gnu/9/crtbeginS.o
 *fill*         0x0000000000006004        0x4 
 .data.rel.local
                0x0000000000006008        0x8 /usr/lib/gcc/x86_64-linux-gnu/9/crtbeginS.o
                0x0000000000006008                __dso_handle
 *fill*         0x0000000000006010       0x10 
 .data          0x0000000000006020       0x38 /tmp/dumbcraft.CRrq7O.ltrans0.ltrans.o
 .data          0x0000000000006058        0x0 /usr/lib/x86_64-linux-gnu/libc_nonshared.a(elf-init.oS)
 .data          0x0000000000006058        0x0 /usr/lib/gcc/x86_64-linux-gnu/9/crtendS.o
 .data          0x0000000000006058        0x0 /usr/lib/gcc/x86_64-linux-gnu/9/../../../x86_64-linux-gnu/crtn.o

.tm_clone_table
                0x0000000000006058        0x0
 .tm_clone_table
                0x0000000000006058        0x0 /usr/lib/gcc/x86_64-linux-gnu/9/crtbeginS.o
 .tm_clone_table
                0x0000000000006058        0x0 /usr/lib/gcc/x86_64-linux-gnu/9/crtendS.o

.data1
 *(.data1)
                0x0000000000006058                _edata = .
                [!provide]                        PROVIDE (edata = .)
                0x0000000000006058                . = .
                0x0000000000006058                __bss_start = .

.bss            0x0000000000006060    0x143b0
 *(.dynbss)
 .dynbss        0x0000000000006060        0x0 /usr/lib/gcc/x86_64-linux-gnu/9/../../../x86_64-linux-gnu/Scrt1.o
 *(.bss .bss.* .gnu.linkonce.b.*)
 .bss           0x0000000000006060        0x0 /usr/lib/gcc/x86_64-linux-gnu/9/../../../x86_64-linux-gnu/Scrt1.o
 .bss           0x0000000000006060        0x0 /usr/lib/gcc/x86_64-linux-gnu/9/../../../x86_64-linux-gnu/crti.o
 .bss           0x0000000000006060        0x1 /usr/lib/gcc/x86_64-linux-gnu/9/crtbeginS.o
 *fill*         0x0000000000006061       0x1f 
 .bss           0x0000000000006080    0x1438e /tmp/dumbcraft.CRrq7O.ltrans0.ltrans.o
 .bss           0x000000000001a40e        0x0 /usr/lib/x86_64-linux-gnu/libc_nonshared.a(elf-init.oS)
 .bss           0x000000000001a40e        0x0 /usr/lib/gcc/x86_64-linux-gnu/9/crtendS.o
 .bss           0x000000000001a40e        0x0 /usr/lib/gcc/x86_64-linux-gnu/9/../../../x86_64-linux-gnu/crtn.o
 *(COMMON)
                0x000000000001a410                . = ALIGN ((. != 0x0)?0x8:0x1)
 *fill*         0x000000000001a40e        0x2 

.lbss
 *(.dynlbss)
 *(.lbss .lbss.* .gnu.linkonce.lb.*)
 *(LARGE_COMMON)
                0x000000000001a410                . = ALIGN (0x8)
                0x000000000001a410                . = SEGMENT_START ("ldata-segment", .)

.lrodata
 *(.lrodata .lrodata.* .gnu.linkonce.lr.*)

.ldata          0x000000000001c410        0x0
 *(.ldata .ldata.* .gnu.linkonce.l.*)
                0x000000000001c410                . = ALIGN ((. != 0x0)?0x8:0x1)
                0x000000000001c410                . = ALIGN (0x8)
                0x000000000001a410                _end = .
                [!provide]                        PROVIDE (end = .)
                0x000000000001c410                . = DATA_SEGMENT_END (.)

.stab
 *(.stab)

.stabstr
 *(.stabstr)

.stab.excl
 *(.stab.excl)

.stab.exclstr
 *(.stab.exclstr)

.stab.index
 *(.stab.index)

.stab.indexstr
 *(.stab.indexstr)

.comment        0x0000000000000000       0x2a
 *(.comment)
 .comment       0x0000000000000000       0x2a /usr/lib/gcc/x86_64-linux-gnu/9/crtbeginS.o
                                         0x2b (size before relaxing)
 .comment       0x000000000000002a       0x2b /tmp/dumbcraft.CRrq7O.ltrans0.ltrans.o
 .comment       0x000000000000002a       0x2b /tmp/ccapTIrQ.debug.temp.o
 .comment       0x000000000000002a       0x2b /tmp/ccZCMbuO.debug.temp.o
 .comment       0x000000000000002a       0x2b /tmp/cc06hGLP.debug.temp.o
 .comment       0x000000000000002a       0x2b /tmp/ccQXkkCM.debug.temp.o
 .comment       0x000000000000002a       0x2b /tmp/ccm3J2YM.debug.temp.o
 .comment       0x000000000000002a       0x2b /usr/lib/gcc/x86_64-linux-gnu/9/crtendS.o

.gnu.build.attributes
 *(.gnu.build.attributes .gnu.build.attributes.*)

.debug
 *(.debug)

.line
 *(.line)

.debug_srcinfo
 *(.debug_srcinfo)

.debug_sfnames
 *(.debug_sfnames)

.debug_aranges
 *(.debug_aranges)

.debug_pubnames
 *(.debug_pubnames)

.debug_info
 *(.debug_info .gnu.linkonce.wi.*)

.debug_abbrev
 *(.debug_abbrev)

.debug_line
 *(.debug_line .debug_line.* .debug_line_end)

.debug_frame
 *(.debug_frame)

.debug_str
 *(.debug_str)

.debug_loc
 *(.debug_loc)

.debug_macinfo
 *(.debug_macinfo)

.debug_weaknames
 *(.debug_weaknames)

.debug_funcnames
 *(.debug_funcnames)

.debug_typenames
 *(.debug_typenames)

.debug_varnames
 *(.debug_varnames)

.debug_pubtypes
 *(.debug_pubtypes)

.debug_ranges
 *(.debug_ranges)

.debug_macro
 *(.debug_macro)

.debug_addr
 *(.debug_addr)

.gnu.attributes
 *(.gnu.attributes)

/DISCARD/
 *(.note.GNU-stack)
 *(.gnu_debuglink)
 *(.gnu.lto_*)
OUTPUT(dumbcraft elf64-x86-64)
